// Vitest Snapshot v1, https://vitest.dev/guide/snapshot.html

exports[`get offer code > offer-code 1`] = `"123"`;
